// Jest Snapshot v1, https://goo.gl/fbAQLP

exports[`init  1`] = `
<Styled(ViewNB)
  style={
    Object {
      "backgroundColor": "#100",
      "flexDirection": "row",
      "flexWrap": "wrap",
    }
  }
>
  <UserBadge
    badgeColor="#333"
    color="#fff"
    key="a0001"
    style={
      Object {
        "borderColor": "#030",
        "borderWidth": 1,
        "margin": 4,
      }
    }
    textColor="#ccc"
    type="user"
    userId="a0001"
  />
  <UserBadge
    badgeColor="#900"
    color="#fff"
    key="a0002"
    style={
      Object {
        "borderColor": "#111",
        "borderWidth": 1,
        "margin": 4,
      }
    }
    textColor="#099"
    type="group"
    userId="a0002"
  />
  <Styled(Button)
    icon={true}
    success={true}
    transparent={true}
  >
    <Styled(Icon)
      name="md-add-circle"
    />
  </Styled(Button)>
</Styled(ViewNB)>
`;
